// Jest Snapshot v1, https://goo.gl/fbAQLP

exports[`BackButton component renders correctly 1`] = `
<Image
  accessibilityComponentType={undefined}
  accessibilityLabel={undefined}
  accessibilityTraits={undefined}
  accessible={true}
  hitSlop={undefined}
  nativeID={undefined}
  onLayout={undefined}
  onResponderGrant={[Function]}
  onResponderMove={[Function]}
  onResponderRelease={[Function]}
  onResponderTerminate={[Function]}
  onResponderTerminationRequest={[Function]}
  onStartShouldSetResponder={[Function]}
  source={
    Object {
      "uri": "feed_rn_back_button",
    }
  }
  style={
    Array [
      Object {
        "height": 25,
        "marginLeft": 5,
        "tintColor": "#FFFFFF",
        "width": 25,
      },
      Object {
        "tintColor": "#FFFFFF99",
      },
    ]
  }
  testID={undefined}
/>
`;
