// Jest Snapshot v1, https://goo.gl/fbAQLP

exports[`LiveButton component renders correctly when it is live 1`] = `
<View
  accessibilityComponentType={undefined}
  accessibilityLabel={undefined}
  accessibilityTraits={undefined}
  accessible={true}
  collapsable={undefined}
  hitSlop={undefined}
  isTVSelectable={true}
  nativeID={undefined}
  onLayout={undefined}
  onResponderGrant={[Function]}
  onResponderMove={[Function]}
  onResponderRelease={[Function]}
  onResponderTerminate={[Function]}
  onResponderTerminationRequest={[Function]}
  onStartShouldSetResponder={[Function]}
  style={
    Object {
      "opacity": 1,
    }
  }
  testID={undefined}
  tvParallaxProperties={undefined}
>
  <Image
    source={
      Object {
        "uri": "live_button",
      }
    }
    style={
      Array [
        Object {
          "height": 28,
          "marginRight": 8,
          "width": 28,
        },
        Object {
          "tintColor": undefined,
        },
      ]
    }
  />
</View>
`;

exports[`LiveButton component renders correctly when it is not live 1`] = `
<Image
  source={
    Object {
      "uri": "live_button",
    }
  }
  style={
    Array [
      Object {
        "height": 28,
        "marginRight": 8,
        "width": 28,
      },
      Object {
        "tintColor": "rgba(255,255,255, 0.60)",
      },
    ]
  }
/>
`;
