// Jest Snapshot v1, https://goo.gl/fbAQLP

exports[`SocialWebViewScreen component renders correctly 1`] = `
<WebView
  onNavigationStateChange={[Function]}
  source={
    Object {
      "uri": undefined,
    }
  }
  style={
    Array [
      Object {
        "backgroundColor": undefined,
      },
    ]
  }
/>
`;
