// Jest Snapshot v1, https://goo.gl/fbAQLP

exports[`WritePostButton component renders correctly 1`] = `
<View
  accessibilityComponentType={undefined}
  accessibilityLabel={undefined}
  accessibilityTraits={undefined}
  accessible={true}
  collapsable={undefined}
  hitSlop={undefined}
  isTVSelectable={true}
  nativeID={undefined}
  onLayout={undefined}
  onResponderGrant={[Function]}
  onResponderMove={[Function]}
  onResponderRelease={[Function]}
  onResponderTerminate={[Function]}
  onResponderTerminationRequest={[Function]}
  onStartShouldSetResponder={[Function]}
  style={
    Object {
      "opacity": 1,
    }
  }
  testID={undefined}
  tvParallaxProperties={undefined}
>
  <View
    style={
      Object {
        "bottom": 15,
        "height": 60,
        "position": "absolute",
        "right": 10,
        "width": 60,
      }
    }
  >
    <Image
      source={
        Object {
          "uri": "feed_rn_write_post_button",
        }
      }
      style={
        Array [
          Object {
            "height": 60,
            "width": 60,
          },
          Object {
            "tintColor": undefined,
          },
        ]
      }
    />
    <Image
      source={
        Object {
          "uri": "feed_rn_pencil",
        }
      }
      style={
        Array [
          Object {
            "bottom": 15,
            "height": 35,
            "position": "absolute",
            "right": 14,
            "width": 30,
          },
        ]
      }
    />
  </View>
</View>
`;
